test
+- run test 11/12 passed, 1 failed, 2 leaked
error: 'framework_tests.test.data loader supports stratified batches and caching/prefetch' failed: [gpa] (err): Double free detected. Allocation: 
C:\Users\Thomas\AppData\Local\Microsoft\WinGet\Packages\zig.zig_Microsoft.Winget.Source_8wekyb3d8bbwe\zig-x86_64-windows-0.15.2\lib\std\array_list.zig:468:67: 0x7ff7a2ce6ffc in ensureTotalCapacityPrecise (test_zcu.obj)
                const new_memory = try self.allocator.alignedAlloc(T, alignment, new_capacity);
                                                                  ^
C:\Users\Thomas\AppData\Local\Microsoft\WinGet\Packages\zig.zig_Microsoft.Winget.Source_8wekyb3d8bbwe\zig-x86_64-windows-0.15.2\lib\std\array_list.zig:444:51: 0x7ff7a2d05622 in ensureTotalCapacity (test_zcu.obj)
            return self.ensureTotalCapacityPrecise(better_capacity);
                                                  ^
C:\Users\Thomas\AppData\Local\Microsoft\WinGet\Packages\zig.zig_Microsoft.Winget.Source_8wekyb3d8bbwe\zig-x86_64-windows-0.15.2\lib\std\array_list.zig:494:41: 0x7ff7a2ce71f7 in addOne (test_zcu.obj)
            try self.ensureTotalCapacity(newlen);
                                        ^
C:\Users\Thomas\AppData\Local\Microsoft\WinGet\Packages\zig.zig_Microsoft.Winget.Source_8wekyb3d8bbwe\zig-x86_64-windows-0.15.2\lib\std\array_list.zig:252:49: 0x7ff7a2ce19b0 in append (test_zcu.obj)
            const new_item_ptr = try self.addOne();
                                                ^
C:\Users\Thomas\sigwork\src\data_pipeline.zig:655:31: 0x7ff7a2d7642c in stratifiedOrder (test_zcu.obj)
                try arr.append(idx);
                              ^
C:\Users\Thomas\sigwork\src\data_pipeline.zig:636:52: 0x7ff7a2d7781c in applyStrategy (test_zcu.obj)
            .stratified => try self.stratifiedOrder(),
                                                   ^
C:\Users\Thomas\sigwork\src\data_pipeline.zig:546:31: 0x7ff7a2d78339 in reset (test_zcu.obj)
        try self.applyStrategy();
                              ^
C:\Users\Thomas\sigwork\src\data_pipeline.zig:527:21: 0x7ff7a2d78774 in init (test_zcu.obj)
        try dl.reset();
                    ^
C:\Users\Thomas\sigwork\tests\framework_tests.zig:102:55: 0x7ff7a2d79216 in test.data loader supports stratified batches and caching/prefetch (test_zcu.obj)
    var loader = try lib.data_pipeline.DataLoader.init(
                                                      ^
C:\Users\Thomas\AppData\Local\Microsoft\WinGet\Packages\zig.zig_Microsoft.Winget.Source_8wekyb3d8bbwe\zig-x86_64-windows-0.15.2\lib\compiler\test_runner.zig:130:29: 0x7ff7a2df0554 in mainServer (test_zcu.obj)
                test_fn.func() catch |err| switch (err) {
                            ^
 First free: 
C:\Users\Thomas\AppData\Local\Microsoft\WinGet\Packages\zig.zig_Microsoft.Winget.Source_8wekyb3d8bbwe\zig-x86_64-windows-0.15.2\lib\std\array_list.zig:64:36: 0x7ff7a2ce776c in deinit (test_zcu.obj)
                self.allocator.free(self.allocatedSlice());
                                   ^
C:\Users\Thomas\sigwork\src\data_pipeline.zig:654:33: 0x7ff7a2d7668b in stratifiedOrder (test_zcu.obj)
                defer arr.deinit();
                                ^
C:\Users\Thomas\sigwork\src\data_pipeline.zig:636:52: 0x7ff7a2d7781c in applyStrategy (test_zcu.obj)
            .stratified => try self.stratifiedOrder(),
                                                   ^
C:\Users\Thomas\sigwork\src\data_pipeline.zig:546:31: 0x7ff7a2d78339 in reset (test_zcu.obj)
        try self.applyStrategy();
                              ^
C:\Users\Thomas\sigwork\src\data_pipeline.zig:527:21: 0x7ff7a2d78774 in init (test_zcu.obj)
        try dl.reset();
                    ^
C:\Users\Thomas\sigwork\tests\framework_tests.zig:102:55: 0x7ff7a2d79216 in test.data loader supports stratified batches and caching/prefetch (test_zcu.obj)
    var loader = try lib.data_pipeline.DataLoader.init(
                                                      ^
C:\Users\Thomas\AppData\Local\Microsoft\WinGet\Packages\zig.zig_Microsoft.Winget.Source_8wekyb3d8bbwe\zig-x86_64-windows-0.15.2\lib\compiler\test_runner.zig:130:29: 0x7ff7a2df0554 in mainServer (test_zcu.obj)
                test_fn.func() catch |err| switch (err) {
                            ^
C:\Users\Thomas\AppData\Local\Microsoft\WinGet\Packages\zig.zig_Microsoft.Winget.Source_8wekyb3d8bbwe\zig-x86_64-windows-0.15.2\lib\compiler\test_runner.zig:64:26: 0x7ff7a2dee137 in main (test_zcu.obj)
        return mainServer() catch @panic("internal test runner failure");
                         ^
C:\Users\Thomas\AppData\Local\Microsoft\WinGet\Packages\zig.zig_Microsoft.Winget.Source_8wekyb3d8bbwe\zig-x86_64-windows-0.15.2\lib\std\start.zig:443:53: 0x7ff7a2dedc0c in WinStartup (test_zcu.obj)
    std.os.windows.ntdll.RtlExitUserProcess(callMain());
                                                    ^
???:?:?: 0x7ffe2a73e956 in ??? (KERNEL32.DLL)
 Second free: 
C:\Users\Thomas\AppData\Local\Microsoft\WinGet\Packages\zig.zig_Microsoft.Winget.Source_8wekyb3d8bbwe\zig-x86_64-windows-0.15.2\lib\std\array_list.zig:64:36: 0x7ff7a2ce776c in deinit (test_zcu.obj)
                self.allocator.free(self.allocatedSlice());
                                   ^
C:\Users\Thomas\sigwork\src\data_pipeline.zig:644:49: 0x7ff7a2d76fee in stratifiedOrder (test_zcu.obj)
            while (g_it.next()) |arr| arr.deinit();
                                                ^
C:\Users\Thomas\sigwork\src\data_pipeline.zig:636:52: 0x7ff7a2d7781c in applyStrategy (test_zcu.obj)
            .stratified => try self.stratifiedOrder(),
                                                   ^
C:\Users\Thomas\sigwork\src\data_pipeline.zig:546:31: 0x7ff7a2d78339 in reset (test_zcu.obj)
        try self.applyStrategy();
                              ^
C:\Users\Thomas\sigwork\src\data_pipeline.zig:527:21: 0x7ff7a2d78774 in init (test_zcu.obj)
        try dl.reset();
                    ^
C:\Users\Thomas\sigwork\tests\framework_tests.zig:102:55: 0x7ff7a2d79216 in test.data loader supports stratified batches and caching/prefetch (test_zcu.obj)
    var loader = try lib.data_pipeline.DataLoader.init(
                                                      ^
C:\Users\Thomas\AppData\Local\Microsoft\WinGet\Packages\zig.zig_Microsoft.Winget.Source_8wekyb3d8bbwe\zig-x86_64-windows-0.15.2\lib\compiler\test_runner.zig:130:29: 0x7ff7a2df0554 in mainServer (test_zcu.obj)
                test_fn.func() catch |err| switch (err) {
                            ^
C:\Users\Thomas\AppData\Local\Microsoft\WinGet\Packages\zig.zig_Microsoft.Winget.Source_8wekyb3d8bbwe\zig-x86_64-windows-0.15.2\lib\compiler\test_runner.zig:64:26: 0x7ff7a2dee137 in main (test_zcu.obj)
        return mainServer() catch @panic("internal test runner failure");
                         ^
C:\Users\Thomas\AppData\Local\Microsoft\WinGet\Packages\zig.zig_Microsoft.Winget.Source_8wekyb3d8bbwe\zig-x86_64-windows-0.15.2\lib\std\start.zig:443:53: 0x7ff7a2dedc0c in WinStartup (test_zcu.obj)
    std.os.windows.ntdll.RtlExitUserProcess(callMain());
                                                    ^
???:?:?: 0x7ffe2a73e956 in ??? (KERNEL32.DLL)

[gpa] (err): Double free detected. Allocation: 
C:\Users\Thomas\AppData\Local\Microsoft\WinGet\Packages\zig.zig_Microsoft.Winget.Source_8wekyb3d8bbwe\zig-x86_64-windows-0.15.2\lib\std\array_list.zig:468:67: 0x7ff7a2ce6ffc in ensureTotalCapacityPrecise (test_zcu.obj)
                const new_memory = try self.allocator.alignedAlloc(T, alignment, new_capacity);
                                                                  ^
C:\Users\Thomas\AppData\Local\Microsoft\WinGet\Packages\zig.zig_Microsoft.Winget.Source_8wekyb3d8bbwe\zig-x86_64-windows-0.15.2\lib\std\array_list.zig:444:51: 0x7ff7a2d05622 in ensureTotalCapacity (test_zcu.obj)
            return self.ensureTotalCapacityPrecise(better_capacity);
                                                  ^
C:\Users\Thomas\AppData\Local\Microsoft\WinGet\Packages\zig.zig_Microsoft.Winget.Source_8wekyb3d8bbwe\zig-x86_64-windows-0.15.2\lib\std\array_list.zig:494:41: 0x7ff7a2ce71f7 in addOne (test_zcu.obj)
            try self.ensureTotalCapacity(newlen);
                                        ^
C:\Users\Thomas\AppData\Local\Microsoft\WinGet\Packages\zig.zig_Microsoft.Winget.Source_8wekyb3d8bbwe\zig-x86_64-windows-0.15.2\lib\std\array_list.zig:252:49: 0x7ff7a2ce19b0 in append (test_zcu.obj)
            const new_item_ptr = try self.addOne();
                                                ^
C:\Users\Thomas\sigwork\src\data_pipeline.zig:655:31: 0x7ff7a2d7642c in stratifiedOrder (test_zcu.obj)
                try arr.append(idx);
                              ^
C:\Users\Thomas\sigwork\src\data_pipeline.zig:636:52: 0x7ff7a2d7781c in applyStrategy (test_zcu.obj)
            .stratified => try self.stratifiedOrder(),
                                                   ^
C:\Users\Thomas\sigwork\src\data_pipeline.zig:546:31: 0x7ff7a2d78339 in reset (test_zcu.obj)
        try self.applyStrategy();
                              ^
C:\Users\Thomas\sigwork\src\data_pipeline.zig:527:21: 0x7ff7a2d78774 in init (test_zcu.obj)
        try dl.reset();
                    ^
C:\Users\Thomas\sigwork\tests\framework_tests.zig:102:55: 0x7ff7a2d79216 in test.data loader supports stratified batches and caching/prefetch (test_zcu.obj)
    var loader = try lib.data_pipeline.DataLoader.init(
                                                      ^
C:\Users\Thomas\AppData\Local\Microsoft\WinGet\Packages\zig.zig_Microsoft.Winget.Source_8wekyb3d8bbwe\zig-x86_64-windows-0.15.2\lib\compiler\test_runner.zig:130:29: 0x7ff7a2df0554 in mainServer (test_zcu.obj)
                test_fn.func() catch |err| switch (err) {
                            ^
 First free: 
C:\Users\Thomas\AppData\Local\Microsoft\WinGet\Packages\zig.zig_Microsoft.Winget.Source_8wekyb3d8bbwe\zig-x86_64-windows-0.15.2\lib\std\array_list.zig:64:36: 0x7ff7a2ce776c in deinit (test_zcu.obj)
                self.allocator.free(self.allocatedSlice());
                                   ^
C:\Users\Thomas\sigwork\src\data_pipeline.zig:654:33: 0x7ff7a2d7668b in stratifiedOrder (test_zcu.obj)
                defer arr.deinit();
                                ^
C:\Users\Thomas\sigwork\src\data_pipeline.zig:636:52: 0x7ff7a2d7781c in applyStrategy (test_zcu.obj)
            .stratified => try self.stratifiedOrder(),
                                                   ^
C:\Users\Thomas\sigwork\src\data_pipeline.zig:546:31: 0x7ff7a2d78339 in reset (test_zcu.obj)
        try self.applyStrategy();
                              ^
C:\Users\Thomas\sigwork\src\data_pipeline.zig:527:21: 0x7ff7a2d78774 in init (test_zcu.obj)
        try dl.reset();
                    ^
C:\Users\Thomas\sigwork\tests\framework_tests.zig:102:55: 0x7ff7a2d79216 in test.data loader supports stratified batches and caching/prefetch (test_zcu.obj)
    var loader = try lib.data_pipeline.DataLoader.init(
                                                      ^
C:\Users\Thomas\AppData\Local\Microsoft\WinGet\Packages\zig.zig_Microsoft.Winget.Source_8wekyb3d8bbwe\zig-x86_64-windows-0.15.2\lib\compiler\test_runner.zig:130:29: 0x7ff7a2df0554 in mainServer (test_zcu.obj)
                test_fn.func() catch |err| switch (err) {
                            ^
C:\Users\Thomas\AppData\Local\Microsoft\WinGet\Packages\zig.zig_Microsoft.Winget.Source_8wekyb3d8bbwe\zig-x86_64-windows-0.15.2\lib\compiler\test_runner.zig:64:26: 0x7ff7a2dee137 in main (test_zcu.obj)
        return mainServer() catch @panic("internal test runner failure");
                         ^
C:\Users\Thomas\AppData\Local\Microsoft\WinGet\Packages\zig.zig_Microsoft.Winget.Source_8wekyb3d8bbwe\zig-x86_64-windows-0.15.2\lib\std\start.zig:443:53: 0x7ff7a2dedc0c in WinStartup (test_zcu.obj)
    std.os.windows.ntdll.RtlExitUserProcess(callMain());
                                                    ^
???:?:?: 0x7ffe2a73e956 in ??? (KERNEL32.DLL)
 Second free: 
C:\Users\Thomas\AppData\Local\Microsoft\WinGet\Packages\zig.zig_Microsoft.Winget.Source_8wekyb3d8bbwe\zig-x86_64-windows-0.15.2\lib\std\array_list.zig:64:36: 0x7ff7a2ce776c in deinit (test_zcu.obj)
                self.allocator.free(self.allocatedSlice());
                                   ^
C:\Users\Thomas\sigwork\src\data_pipeline.zig:644:49: 0x7ff7a2d76fee in stratifiedOrder (test_zcu.obj)
            while (g_it.next()) |arr| arr.deinit();
                                                ^
C:\Users\Thomas\sigwork\src\data_pipeline.zig:636:52: 0x7ff7a2d7781c in applyStrategy (test_zcu.obj)
            .stratified => try self.stratifiedOrder(),
                                                   ^
C:\Users\Thomas\sigwork\src\data_pipeline.zig:546:31: 0x7ff7a2d78339 in reset (test_zcu.obj)
        try self.applyStrategy();
                              ^
C:\Users\Thomas\sigwork\src\data_pipeline.zig:527:21: 0x7ff7a2d78774 in init (test_zcu.obj)
        try dl.reset();
                    ^
C:\Users\Thomas\sigwork\tests\framework_tests.zig:102:55: 0x7ff7a2d79216 in test.data loader supports stratified batches and caching/prefetch (test_zcu.obj)
    var loader = try lib.data_pipeline.DataLoader.init(
                                                      ^
C:\Users\Thomas\AppData\Local\Microsoft\WinGet\Packages\zig.zig_Microsoft.Winget.Source_8wekyb3d8bbwe\zig-x86_64-windows-0.15.2\lib\compiler\test_runner.zig:130:29: 0x7ff7a2df0554 in mainServer (test_zcu.obj)
                test_fn.func() catch |err| switch (err) {
                            ^
C:\Users\Thomas\AppData\Local\Microsoft\WinGet\Packages\zig.zig_Microsoft.Winget.Source_8wekyb3d8bbwe\zig-x86_64-windows-0.15.2\lib\compiler\test_runner.zig:64:26: 0x7ff7a2dee137 in main (test_zcu.obj)
        return mainServer() catch @panic("internal test runner failure");
                         ^
C:\Users\Thomas\AppData\Local\Microsoft\WinGet\Packages\zig.zig_Microsoft.Winget.Source_8wekyb3d8bbwe\zig-x86_64-windows-0.15.2\lib\std\start.zig:443:53: 0x7ff7a2dedc0c in WinStartup (test_zcu.obj)
    std.os.windows.ntdll.RtlExitUserProcess(callMain());
                                                    ^
???:?:?: 0x7ffe2a73e956 in ??? (KERNEL32.DLL)

C:\Users\Thomas\sigwork\src\data_pipeline.zig:206:42: 0x7ff7a2d5f2a7 in rowFeatures (test_zcu.obj)
        if (row_index >= self.row_count) return error.IndexOutOfBounds;
                                         ^
C:\Users\Thomas\sigwork\src\data_pipeline.zig:234:21: 0x7ff7a2d7a2c3 in datasetFillRowFeatures (test_zcu.obj)
        const row = try self.rowFeatures(row_index);
                    ^
C:\Users\Thomas\sigwork\src\data_pipeline.zig:23:9: 0x7ff7a2d778b4 in fillRowFeatures (test_zcu.obj)
        return self.vtable.fill_row_features(self.ctx, row_index, out);
        ^
C:\Users\Thomas\sigwork\src\data_pipeline.zig:621:9: 0x7ff7a2d779ff in getRow (test_zcu.obj)
        try self.dataset.fillRowFeatures(idx, out);
        ^
C:\Users\Thomas\sigwork\src\data_pipeline.zig:605:13: 0x7ff7a2d77d93 in computeNextBatchInto (test_zcu.obj)
            try self.getRow(idx, self.row_buffer);
            ^
C:\Users\Thomas\sigwork\src\data_pipeline.zig:571:23: 0x7ff7a2d782a0 in prefetchNext (test_zcu.obj)
        const maybe = try self.computeNextBatchInto(&self.prefetched_features, &self.prefetched_labels);
                      ^
C:\Users\Thomas\sigwork\src\data_pipeline.zig:547:35: 0x7ff7a2d7838e in reset (test_zcu.obj)
        if (self.config.prefetch) try self.prefetchNext();
                                  ^
C:\Users\Thomas\sigwork\src\data_pipeline.zig:527:9: 0x7ff7a2d7879f in init (test_zcu.obj)
        try dl.reset();
        ^
C:\Users\Thomas\sigwork\tests\framework_tests.zig:102:18: 0x7ff7a2d79300 in test.data loader supports stratified batches and caching/prefetch (test_zcu.obj)
    var loader = try lib.data_pipeline.DataLoader.init(
                 ^
[gpa] (err): memory address 0x1e2e8290000 leaked: 
C:\Users\Thomas\sigwork\src\data_pipeline.zig:518:46: 0x7ff7a2d78535 in init (test_zcu.obj)
            .row_buffer = try allocator.alloc(f32, dataset.featureCount()),
                                             ^
C:\Users\Thomas\sigwork\tests\framework_tests.zig:102:55: 0x7ff7a2d79216 in test.data loader supports stratified batches and caching/prefetch (test_zcu.obj)
    var loader = try lib.data_pipeline.DataLoader.init(
                                                      ^
C:\Users\Thomas\AppData\Local\Microsoft\WinGet\Packages\zig.zig_Microsoft.Winget.Source_8wekyb3d8bbwe\zig-x86_64-windows-0.15.2\lib\compiler\test_runner.zig:130:29: 0x7ff7a2df0554 in mainServer (test_zcu.obj)
                test_fn.func() catch |err| switch (err) {
                            ^
C:\Users\Thomas\AppData\Local\Microsoft\WinGet\Packages\zig.zig_Microsoft.Winget.Source_8wekyb3d8bbwe\zig-x86_64-windows-0.15.2\lib\compiler\test_runner.zig:64:26: 0x7ff7a2dee137 in main (test_zcu.obj)
        return mainServer() catch @panic("internal test runner failure");
                         ^
C:\Users\Thomas\AppData\Local\Microsoft\WinGet\Packages\zig.zig_Microsoft.Winget.Source_8wekyb3d8bbwe\zig-x86_64-windows-0.15.2\lib\std\start.zig:443:53: 0x7ff7a2dedc0c in WinStartup (test_zcu.obj)
    std.os.windows.ntdll.RtlExitUserProcess(callMain());
                                                    ^
???:?:?: 0x7ffe2a73e956 in ??? (KERNEL32.DLL)
???:?:?: 0x7ffe2b76427b in ??? (ntdll.dll)
error: 'framework_tests.test.section 7 trainer tracks history and checkpoint' leaked: [=========================                         ]50.0% (1/2) ETA: 0sEpoch 1/2 - train_loss: 2.1325, val_loss: 2.1325, accuracy: 0.0000, f1: 0.0000
[==================================================]100.0% (2/2) ETA: 0s
Epoch 2/2 - train_loss: 2.1325, val_loss: 2.1325, accuracy: 0.0000, f1: 0.0000
[gpa] (err): memory address 0x1e2e82b01e0 leaked: 
C:\Users\Thomas\sigwork\src\metrics.zig:58:40: 0x7ff7a2db5939 in compute (test_zcu.obj)
            row.* = try allocator.alloc(usize, 2);
                                       ^
C:\Users\Thomas\sigwork\src\trainer.zig:118:69: 0x7ff7a2db67c1 in evaluate (test_zcu.obj)
            eval_metrics = try metrics.ClassificationMetrics.compute(&pred, y, self.config.threshold, self.allocator);
                                                                    ^
C:\Users\Thomas\sigwork\src\trainer.zig:137:49: 0x7ff7a2db7c9a in fit (test_zcu.obj)
            const val_result = try self.evaluate(val_x, val_y);
                                                ^
C:\Users\Thomas\sigwork\tests\framework_tests.zig:419:20: 0x7ff7a2db9539 in test.section 7 trainer tracks history and checkpoint (test_zcu.obj)
    try trainer.fit(&x, &y, &x, &y);
                   ^
C:\Users\Thomas\AppData\Local\Microsoft\WinGet\Packages\zig.zig_Microsoft.Winget.Source_8wekyb3d8bbwe\zig-x86_64-windows-0.15.2\lib\compiler\test_runner.zig:130:29: 0x7ff7a2df0554 in mainServer (test_zcu.obj)
                test_fn.func() catch |err| switch (err) {
                            ^
C:\Users\Thomas\AppData\Local\Microsoft\WinGet\Packages\zig.zig_Microsoft.Winget.Source_8wekyb3d8bbwe\zig-x86_64-windows-0.15.2\lib\compiler\test_runner.zig:64:26: 0x7ff7a2dee137 in main (test_zcu.obj)
        return mainServer() catch @panic("internal test runner failure");
                         ^
C:\Users\Thomas\AppData\Local\Microsoft\WinGet\Packages\zig.zig_Microsoft.Winget.Source_8wekyb3d8bbwe\zig-x86_64-windows-0.15.2\lib\std\start.zig:443:53: 0x7ff7a2dedc0c in WinStartup (test_zcu.obj)
    std.os.windows.ntdll.RtlExitUserProcess(callMain());
                                                    ^
???:?:?: 0x7ffe2a73e956 in ??? (KERNEL32.DLL)
???:?:?: 0x7ffe2b76427b in ??? (ntdll.dll)

[gpa] (err): memory address 0x1e2e82b01f0 leaked: 
C:\Users\Thomas\sigwork\src\metrics.zig:58:40: 0x7ff7a2db5939 in compute (test_zcu.obj)
            row.* = try allocator.alloc(usize, 2);
                                       ^
C:\Users\Thomas\sigwork\src\trainer.zig:118:69: 0x7ff7a2db67c1 in evaluate (test_zcu.obj)
            eval_metrics = try metrics.ClassificationMetrics.compute(&pred, y, self.config.threshold, self.allocator);
                                                                    ^
C:\Users\Thomas\sigwork\src\trainer.zig:137:49: 0x7ff7a2db7c9a in fit (test_zcu.obj)
            const val_result = try self.evaluate(val_x, val_y);
                                                ^
C:\Users\Thomas\sigwork\tests\framework_tests.zig:419:20: 0x7ff7a2db9539 in test.section 7 trainer tracks history and checkpoint (test_zcu.obj)
    try trainer.fit(&x, &y, &x, &y);
                   ^
C:\Users\Thomas\AppData\Local\Microsoft\WinGet\Packages\zig.zig_Microsoft.Winget.Source_8wekyb3d8bbwe\zig-x86_64-windows-0.15.2\lib\compiler\test_runner.zig:130:29: 0x7ff7a2df0554 in mainServer (test_zcu.obj)
                test_fn.func() catch |err| switch (err) {
                            ^
C:\Users\Thomas\AppData\Local\Microsoft\WinGet\Packages\zig.zig_Microsoft.Winget.Source_8wekyb3d8bbwe\zig-x86_64-windows-0.15.2\lib\compiler\test_runner.zig:64:26: 0x7ff7a2dee137 in main (test_zcu.obj)
        return mainServer() catch @panic("internal test runner failure");
                         ^
C:\Users\Thomas\AppData\Local\Microsoft\WinGet\Packages\zig.zig_Microsoft.Winget.Source_8wekyb3d8bbwe\zig-x86_64-windows-0.15.2\lib\std\start.zig:443:53: 0x7ff7a2dedc0c in WinStartup (test_zcu.obj)
    std.os.windows.ntdll.RtlExitUserProcess(callMain());
                                                    ^
???:?:?: 0x7ffe2a73e956 in ??? (KERNEL32.DLL)
???:?:?: 0x7ffe2b76427b in ??? (ntdll.dll)

[gpa] (err): memory address 0x1e2e82b0200 leaked: 
C:\Users\Thomas\AppData\Local\Microsoft\WinGet\Packages\zig.zig_Microsoft.Winget.Source_8wekyb3d8bbwe\zig-x86_64-windows-0.15.2\lib\std\array_list.zig:468:67: 0x7ff7a2dba11c in ensureTotalCapacityPrecise (test_zcu.obj)
                const new_memory = try self.allocator.alignedAlloc(T, alignment, new_capacity);
                                                                  ^
C:\Users\Thomas\AppData\Local\Microsoft\WinGet\Packages\zig.zig_Microsoft.Winget.Source_8wekyb3d8bbwe\zig-x86_64-windows-0.15.2\lib\std\array_list.zig:57:48: 0x7ff7a2db64c0 in initCapacity (test_zcu.obj)
            try self.ensureTotalCapacityPrecise(num);
                                               ^
C:\Users\Thomas\sigwork\src\metrics.zig:81:76: 0x7ff7a2db5e47 in computeAUC (test_zcu.obj)
        var pairs = try std.array_list.Managed(PredictionPair).initCapacity(y_pred.allocator, n);
                                                                           ^
C:\Users\Thomas\sigwork\src\trainer.zig:120:73: 0x7ff7a2db6896 in evaluate (test_zcu.obj)
                const auc = try metrics.ClassificationMetrics.computeAUC(&pred, y);
                                                                        ^
C:\Users\Thomas\sigwork\src\trainer.zig:137:49: 0x7ff7a2db7c9a in fit (test_zcu.obj)
            const val_result = try self.evaluate(val_x, val_y);
                                                ^
C:\Users\Thomas\sigwork\tests\framework_tests.zig:419:20: 0x7ff7a2db9539 in test.section 7 trainer tracks history and checkpoint (test_zcu.obj)
    try trainer.fit(&x, &y, &x, &y);
                   ^
C:\Users\Thomas\AppData\Local\Microsoft\WinGet\Packages\zig.zig_Microsoft.Winget.Source_8wekyb3d8bbwe\zig-x86_64-windows-0.15.2\lib\compiler\test_runner.zig:130:29: 0x7ff7a2df0554 in mainServer (test_zcu.obj)
                test_fn.func() catch |err| switch (err) {
                            ^
C:\Users\Thomas\AppData\Local\Microsoft\WinGet\Packages\zig.zig_Microsoft.Winget.Source_8wekyb3d8bbwe\zig-x86_64-windows-0.15.2\lib\compiler\test_runner.zig:64:26: 0x7ff7a2dee137 in main (test_zcu.obj)
        return mainServer() catch @panic("internal test runner failure");
                         ^
C:\Users\Thomas\AppData\Local\Microsoft\WinGet\Packages\zig.zig_Microsoft.Winget.Source_8wekyb3d8bbwe\zig-x86_64-windows-0.15.2\lib\std\start.zig:443:53: 0x7ff7a2dedc0c in WinStartup (test_zcu.obj)
    std.os.windows.ntdll.RtlExitUserProcess(callMain());
                                                    ^
???:?:?: 0x7ffe2a73e956 in ??? (KERNEL32.DLL)

[gpa] (err): memory address 0x1e2e82b0350 leaked: 
C:\Users\Thomas\sigwork\src\metrics.zig:58:40: 0x7ff7a2db5939 in compute (test_zcu.obj)
            row.* = try allocator.alloc(usize, 2);
                                       ^
C:\Users\Thomas\sigwork\src\trainer.zig:118:69: 0x7ff7a2db67c1 in evaluate (test_zcu.obj)
            eval_metrics = try metrics.ClassificationMetrics.compute(&pred, y, self.config.threshold, self.allocator);
                                                                    ^
C:\Users\Thomas\sigwork\src\trainer.zig:137:49: 0x7ff7a2db7c9a in fit (test_zcu.obj)
            const val_result = try self.evaluate(val_x, val_y);
                                                ^
C:\Users\Thomas\sigwork\tests\framework_tests.zig:419:20: 0x7ff7a2db9539 in test.section 7 trainer tracks history and checkpoint (test_zcu.obj)
    try trainer.fit(&x, &y, &x, &y);
                   ^
C:\Users\Thomas\AppData\Local\Microsoft\WinGet\Packages\zig.zig_Microsoft.Winget.Source_8wekyb3d8bbwe\zig-x86_64-windows-0.15.2\lib\compiler\test_runner.zig:130:29: 0x7ff7a2df0554 in mainServer (test_zcu.obj)
                test_fn.func() catch |err| switch (err) {
                            ^
C:\Users\Thomas\AppData\Local\Microsoft\WinGet\Packages\zig.zig_Microsoft.Winget.Source_8wekyb3d8bbwe\zig-x86_64-windows-0.15.2\lib\compiler\test_runner.zig:64:26: 0x7ff7a2dee137 in main (test_zcu.obj)
        return mainServer() catch @panic("internal test runner failure");
                         ^
C:\Users\Thomas\AppData\Local\Microsoft\WinGet\Packages\zig.zig_Microsoft.Winget.Source_8wekyb3d8bbwe\zig-x86_64-windows-0.15.2\lib\std\start.zig:443:53: 0x7ff7a2dedc0c in WinStartup (test_zcu.obj)
    std.os.windows.ntdll.RtlExitUserProcess(callMain());
                                                    ^
???:?:?: 0x7ffe2a73e956 in ??? (KERNEL32.DLL)
???:?:?: 0x7ffe2b76427b in ??? (ntdll.dll)

[gpa] (err): memory address 0x1e2e82b0360 leaked: 
C:\Users\Thomas\sigwork\src\metrics.zig:58:40: 0x7ff7a2db5939 in compute (test_zcu.obj)
            row.* = try allocator.alloc(usize, 2);
                                       ^
C:\Users\Thomas\sigwork\src\trainer.zig:118:69: 0x7ff7a2db67c1 in evaluate (test_zcu.obj)
            eval_metrics = try metrics.ClassificationMetrics.compute(&pred, y, self.config.threshold, self.allocator);
                                                                    ^
C:\Users\Thomas\sigwork\src\trainer.zig:137:49: 0x7ff7a2db7c9a in fit (test_zcu.obj)
            const val_result = try self.evaluate(val_x, val_y);
                                                ^
C:\Users\Thomas\sigwork\tests\framework_tests.zig:419:20: 0x7ff7a2db9539 in test.section 7 trainer tracks history and checkpoint (test_zcu.obj)
    try trainer.fit(&x, &y, &x, &y);
                   ^
C:\Users\Thomas\AppData\Local\Microsoft\WinGet\Packages\zig.zig_Microsoft.Winget.Source_8wekyb3d8bbwe\zig-x86_64-windows-0.15.2\lib\compiler\test_runner.zig:130:29: 0x7ff7a2df0554 in mainServer (test_zcu.obj)
                test_fn.func() catch |err| switch (err) {
                            ^
C:\Users\Thomas\AppData\Local\Microsoft\WinGet\Packages\zig.zig_Microsoft.Winget.Source_8wekyb3d8bbwe\zig-x86_64-windows-0.15.2\lib\compiler\test_runner.zig:64:26: 0x7ff7a2dee137 in main (test_zcu.obj)
        return mainServer() catch @panic("internal test runner failure");
                         ^
C:\Users\Thomas\AppData\Local\Microsoft\WinGet\Packages\zig.zig_Microsoft.Winget.Source_8wekyb3d8bbwe\zig-x86_64-windows-0.15.2\lib\std\start.zig:443:53: 0x7ff7a2dedc0c in WinStartup (test_zcu.obj)
    std.os.windows.ntdll.RtlExitUserProcess(callMain());
                                                    ^
???:?:?: 0x7ffe2a73e956 in ??? (KERNEL32.DLL)
???:?:?: 0x7ffe2b76427b in ??? (ntdll.dll)

[gpa] (err): memory address 0x1e2e82b0370 leaked: 
C:\Users\Thomas\AppData\Local\Microsoft\WinGet\Packages\zig.zig_Microsoft.Winget.Source_8wekyb3d8bbwe\zig-x86_64-windows-0.15.2\lib\std\array_list.zig:468:67: 0x7ff7a2dba11c in ensureTotalCapacityPrecise (test_zcu.obj)
                const new_memory = try self.allocator.alignedAlloc(T, alignment, new_capacity);
                                                                  ^
C:\Users\Thomas\AppData\Local\Microsoft\WinGet\Packages\zig.zig_Microsoft.Winget.Source_8wekyb3d8bbwe\zig-x86_64-windows-0.15.2\lib\std\array_list.zig:57:48: 0x7ff7a2db64c0 in initCapacity (test_zcu.obj)
            try self.ensureTotalCapacityPrecise(num);
                                               ^
C:\Users\Thomas\sigwork\src\metrics.zig:81:76: 0x7ff7a2db5e47 in computeAUC (test_zcu.obj)
        var pairs = try std.array_list.Managed(PredictionPair).initCapacity(y_pred.allocator, n);
                                                                           ^
C:\Users\Thomas\sigwork\src\trainer.zig:120:73: 0x7ff7a2db6896 in evaluate (test_zcu.obj)
                const auc = try metrics.ClassificationMetrics.computeAUC(&pred, y);
                                                                        ^
C:\Users\Thomas\sigwork\src\trainer.zig:137:49: 0x7ff7a2db7c9a in fit (test_zcu.obj)
            const val_result = try self.evaluate(val_x, val_y);
                                                ^
C:\Users\Thomas\sigwork\tests\framework_tests.zig:419:20: 0x7ff7a2db9539 in test.section 7 trainer tracks history and checkpoint (test_zcu.obj)
    try trainer.fit(&x, &y, &x, &y);
                   ^
C:\Users\Thomas\AppData\Local\Microsoft\WinGet\Packages\zig.zig_Microsoft.Winget.Source_8wekyb3d8bbwe\zig-x86_64-windows-0.15.2\lib\compiler\test_runner.zig:130:29: 0x7ff7a2df0554 in mainServer (test_zcu.obj)
                test_fn.func() catch |err| switch (err) {
                            ^
C:\Users\Thomas\AppData\Local\Microsoft\WinGet\Packages\zig.zig_Microsoft.Winget.Source_8wekyb3d8bbwe\zig-x86_64-windows-0.15.2\lib\compiler\test_runner.zig:64:26: 0x7ff7a2dee137 in main (test_zcu.obj)
        return mainServer() catch @panic("internal test runner failure");
                         ^
C:\Users\Thomas\AppData\Local\Microsoft\WinGet\Packages\zig.zig_Microsoft.Winget.Source_8wekyb3d8bbwe\zig-x86_64-windows-0.15.2\lib\std\start.zig:443:53: 0x7ff7a2dedc0c in WinStartup (test_zcu.obj)
    std.os.windows.ntdll.RtlExitUserProcess(callMain());
                                                    ^
???:?:?: 0x7ffe2a73e956 in ??? (KERNEL32.DLL)

[gpa] (err): memory address 0x1e2e8770000 leaked: 
C:\Users\Thomas\sigwork\src\metrics.zig:56:51: 0x7ff7a2db566d in compute (test_zcu.obj)
        var confusion_matrix = try allocator.alloc([]usize, 2);
                                                  ^
C:\Users\Thomas\sigwork\src\trainer.zig:118:69: 0x7ff7a2db67c1 in evaluate (test_zcu.obj)
            eval_metrics = try metrics.ClassificationMetrics.compute(&pred, y, self.config.threshold, self.allocator);
                                                                    ^
C:\Users\Thomas\sigwork\src\trainer.zig:137:49: 0x7ff7a2db7c9a in fit (test_zcu.obj)
            const val_result = try self.evaluate(val_x, val_y);
                                                ^
C:\Users\Thomas\sigwork\tests\framework_tests.zig:419:20: 0x7ff7a2db9539 in test.section 7 trainer tracks history and checkpoint (test_zcu.obj)
    try trainer.fit(&x, &y, &x, &y);
                   ^
C:\Users\Thomas\AppData\Local\Microsoft\WinGet\Packages\zig.zig_Microsoft.Winget.Source_8wekyb3d8bbwe\zig-x86_64-windows-0.15.2\lib\compiler\test_runner.zig:130:29: 0x7ff7a2df0554 in mainServer (test_zcu.obj)
                test_fn.func() catch |err| switch (err) {
                            ^
C:\Users\Thomas\AppData\Local\Microsoft\WinGet\Packages\zig.zig_Microsoft.Winget.Source_8wekyb3d8bbwe\zig-x86_64-windows-0.15.2\lib\compiler\test_runner.zig:64:26: 0x7ff7a2dee137 in main (test_zcu.obj)
        return mainServer() catch @panic("internal test runner failure");
                         ^
C:\Users\Thomas\AppData\Local\Microsoft\WinGet\Packages\zig.zig_Microsoft.Winget.Source_8wekyb3d8bbwe\zig-x86_64-windows-0.15.2\lib\std\start.zig:443:53: 0x7ff7a2dedc0c in WinStartup (test_zcu.obj)
    std.os.windows.ntdll.RtlExitUserProcess(callMain());
                                                    ^
???:?:?: 0x7ffe2a73e956 in ??? (KERNEL32.DLL)
???:?:?: 0x7ffe2b76427b in ??? (ntdll.dll)

[gpa] (err): memory address 0x1e2e8770020 leaked: 
C:\Users\Thomas\sigwork\src\metrics.zig:56:51: 0x7ff7a2db566d in compute (test_zcu.obj)
        var confusion_matrix = try allocator.alloc([]usize, 2);
                                                  ^
C:\Users\Thomas\sigwork\src\trainer.zig:118:69: 0x7ff7a2db67c1 in evaluate (test_zcu.obj)
            eval_metrics = try metrics.ClassificationMetrics.compute(&pred, y, self.config.threshold, self.allocator);
                                                                    ^
C:\Users\Thomas\sigwork\src\trainer.zig:137:49: 0x7ff7a2db7c9a in fit (test_zcu.obj)
            const val_result = try self.evaluate(val_x, val_y);
                                                ^
C:\Users\Thomas\sigwork\tests\framework_tests.zig:419:20: 0x7ff7a2db9539 in test.section 7 trainer tracks history and checkpoint (test_zcu.obj)
    try trainer.fit(&x, &y, &x, &y);
                   ^
C:\Users\Thomas\AppData\Local\Microsoft\WinGet\Packages\zig.zig_Microsoft.Winget.Source_8wekyb3d8bbwe\zig-x86_64-windows-0.15.2\lib\compiler\test_runner.zig:130:29: 0x7ff7a2df0554 in mainServer (test_zcu.obj)
                test_fn.func() catch |err| switch (err) {
                            ^
C:\Users\Thomas\AppData\Local\Microsoft\WinGet\Packages\zig.zig_Microsoft.Winget.Source_8wekyb3d8bbwe\zig-x86_64-windows-0.15.2\lib\compiler\test_runner.zig:64:26: 0x7ff7a2dee137 in main (test_zcu.obj)
        return mainServer() catch @panic("internal test runner failure");
                         ^
C:\Users\Thomas\AppData\Local\Microsoft\WinGet\Packages\zig.zig_Microsoft.Winget.Source_8wekyb3d8bbwe\zig-x86_64-windows-0.15.2\lib\std\start.zig:443:53: 0x7ff7a2dedc0c in WinStartup (test_zcu.obj)
    std.os.windows.ntdll.RtlExitUserProcess(callMain());
                                                    ^
???:?:?: 0x7ffe2a73e956 in ??? (KERNEL32.DLL)
???:?:?: 0x7ffe2b76427b in ??? (ntdll.dll)
error: while executing test 'framework_tests.test.section 10 tensor utility operations', the following test command failed:
".\\.zig-cache\\o\\4e1eb143d0206b983910fed8e5c42564\\test.exe" "--cache-dir=.\\.zig-cache" --seed=0x88b95bd8 --listen=-

Build Summary: 3/5 steps succeeded; 1 failed; 12/13 tests passed; 1 failed; 2 leaked
test transitive failure
+- run test 11/12 passed, 1 failed, 2 leaked

error: the following build command failed with exit code 1:
.zig-cache\o\4b71efc36d15fdf7cf3c63372ee33d6d\build.exe C:\Users\Thomas\AppData\Local\Microsoft\WinGet\Packages\zig.zig_Microsoft.Winget.Source_8wekyb3d8bbwe\zig-x86_64-windows-0.15.2\zig.exe C:\Users\Thomas\AppData\Local\Microsoft\WinGet\Packages\zig.zig_Microsoft.Winget.Source_8wekyb3d8bbwe\zig-x86_64-windows-0.15.2\lib C:\Users\Thomas\sigwork .zig-cache C:\Users\Thomas\AppData\Local\zig --seed 0x88b95bd8 -Z1afaec55d2cc2772 test
