test
+- run test
   +- compile test Debug native 4 errors
src\autodiff.zig:22:43: error: struct 'array_list.Aligned(autodiff.OpRecord,null)' has no member named 'init'
            .ops = std.ArrayList(OpRecord).init(allocator),
                   ~~~~~~~~~~~~~~~~~~~~~~~^~~~~
C:\Users\Thomas\AppData\Local\Microsoft\WinGet\Packages\zig.zig_Microsoft.Winget.Source_8wekyb3d8bbwe\zig-x86_64-windows-0.15.2\lib\std\array_list.zig:606:12: note: struct declared here
    return struct {
           ^~~~~~
referenced by:
    test.section 4 autodiff tape and detach utilities: tests\framework_tests.zig:324:38
src\data_pipeline.zig:182:23: error: member function expected 1 argument(s), found 2
            try labels.append(allocator, values.items[current_feature_count]);
                ~~~~~~^~~~~~~
C:\Users\Thomas\AppData\Local\Microsoft\WinGet\Packages\zig.zig_Microsoft.Winget.Source_8wekyb3d8bbwe\zig-x86_64-windows-0.15.2\lib\std\array_list.zig:251:13: note: function declared here
        pub fn append(self: *Self, item: T) Allocator.Error!void {
        ~~~~^~~~~~~~~~~~~~~~~~~~~~~~~~~~~~~~~~~~~~~~~~~~~~~~~~~~
src\layers.zig:1330:53: error: expected type 'array_list.AlignedManaged(layers.LinearLayer,null)', found 'array_list.AlignedManaged(layers.Layer,null)'
        return .{ .allocator = allocator, .layers = try std.array_list.Managed(Layer).initCapacity(allocator, 8) };
                                                    ^~~~~~~~~~~~~~~~~~~~~~~~~~~~~~~~~~~~~~~~~~~~~~~~~~~~~~~~~~~~
C:\Users\Thomas\AppData\Local\Microsoft\WinGet\Packages\zig.zig_Microsoft.Winget.Source_8wekyb3d8bbwe\zig-x86_64-windows-0.15.2\lib\std\array_list.zig:22:12: note: struct declared here (2 times)
    return struct {
           ^~~~~~
src\metrics.zig:239:38: error: root source file struct 'json' has no member named 'stringifyAlloc'
        const json_str = try std.json.stringifyAlloc(self.allocator, json_value, .{ .whitespace = .indent_2 });
                             ~~~~~~~~^~~~~~~~~~~~~~~
C:\Users\Thomas\AppData\Local\Microsoft\WinGet\Packages\zig.zig_Microsoft.Winget.Source_8wekyb3d8bbwe\zig-x86_64-windows-0.15.2\lib\std\json.zig:1:1: note: struct declared here
//! JSON parsing and stringification conforming to RFC 8259. https://datatracker.ietf.org/doc/html/rfc8259
^~~~~~~~~~~~~~~~~~~~~~~~~~~~~~~~~~~~~~~~~~~~~~~~~~~~~~~~~~~~~~~~~~~~~~~~~~~~~~~~~~~~~~~~~~~~~~~~~~~~~~~~~~
error: the following command failed with 4 compilation errors:
"C:\\Users\\Thomas\\AppData\\Local\\Microsoft\\WinGet\\Packages\\zig.zig_Microsoft.Winget.Source_8wekyb3d8bbwe\\zig-x86_64-windows-0.15.2\\zig.exe" test -ODebug --dep modelwork2 "-Mroot=C:\\Users\\Thomas\\sigwork\\tests\\framework_tests.zig" -ODebug "-Mmodelwork2=C:\\Users\\Thomas\\sigwork\\src\\lib.zig" --cache-dir .zig-cache --global-cache-dir "C:\\Users\\Thomas\\AppData\\Local\\zig" --name test --zig-lib-dir "C:\\Users\\Thomas\\AppData\\Local\\Microsoft\\WinGet\\Packages\\zig.zig_Microsoft.Winget.Source_8wekyb3d8bbwe\\zig-x86_64-windows-0.15.2\\lib\\" --listen=-

Build Summary: 2/5 steps succeeded; 1 failed; 1/1 tests passed
test transitive failure
+- run test transitive failure
   +- compile test Debug native 4 errors

error: the following build command failed with exit code 1:
.zig-cache\o\4b71efc36d15fdf7cf3c63372ee33d6d\build.exe C:\Users\Thomas\AppData\Local\Microsoft\WinGet\Packages\zig.zig_Microsoft.Winget.Source_8wekyb3d8bbwe\zig-x86_64-windows-0.15.2\zig.exe C:\Users\Thomas\AppData\Local\Microsoft\WinGet\Packages\zig.zig_Microsoft.Winget.Source_8wekyb3d8bbwe\zig-x86_64-windows-0.15.2\lib C:\Users\Thomas\sigwork .zig-cache C:\Users\Thomas\AppData\Local\zig --seed 0x74674792 -Z62de41c739cc5d34 test
